Archive member included to satisfy reference by file (symbol)

/home/muzi/work-dir/yocto/fsl-release-bsp/build-x11/tmp/sysroots/imx6qpsabresd/usr/lib/arm-poky-linux-gnueabi/5.3.0/libgcc.a(_udivsi3.o)
                              arch/arm/cpu/armv7/built-in.o (__aeabi_uidiv)
/home/muzi/work-dir/yocto/fsl-release-bsp/build-x11/tmp/sysroots/imx6qpsabresd/usr/lib/arm-poky-linux-gnueabi/5.3.0/libgcc.a(_divsi3.o)
                              cmd/built-in.o (__aeabi_idiv)
/home/muzi/work-dir/yocto/fsl-release-bsp/build-x11/tmp/sysroots/imx6qpsabresd/usr/lib/arm-poky-linux-gnueabi/5.3.0/libgcc.a(_lshrdi3.o)
                              fs/built-in.o (__aeabi_llsr)
/home/muzi/work-dir/yocto/fsl-release-bsp/build-x11/tmp/sysroots/imx6qpsabresd/usr/lib/arm-poky-linux-gnueabi/5.3.0/libgcc.a(_ashldi3.o)
                              drivers/mmc/built-in.o (__aeabi_llsl)
/home/muzi/work-dir/yocto/fsl-release-bsp/build-x11/tmp/sysroots/imx6qpsabresd/usr/lib/arm-poky-linux-gnueabi/5.3.0/libgcc.a(_dvmd_lnx.o)
                              /home/muzi/work-dir/yocto/fsl-release-bsp/build-x11/tmp/sysroots/imx6qpsabresd/usr/lib/arm-poky-linux-gnueabi/5.3.0/libgcc.a(_udivsi3.o) (__aeabi_idiv0)

Discarded input sections

 .data          0x0000000000000000        0x0 arch/arm/cpu/armv7/start.o
 .bss           0x0000000000000000        0x0 arch/arm/cpu/armv7/start.o
 .text.v7_outer_cache_enable
                0x0000000000000000        0x4 arch/arm/cpu/armv7/built-in.o
 .text.v7_outer_cache_disable
                0x0000000000000000        0x4 arch/arm/cpu/armv7/built-in.o
 .text.v7_outer_cache_flush_all
                0x0000000000000000        0x4 arch/arm/cpu/armv7/built-in.o
 .text.v7_outer_cache_inval_all
                0x0000000000000000        0x4 arch/arm/cpu/armv7/built-in.o
 .text.v7_outer_cache_flush_range
                0x0000000000000000        0x4 arch/arm/cpu/armv7/built-in.o
 .text.v7_outer_cache_inval_range
                0x0000000000000000        0x4 arch/arm/cpu/armv7/built-in.o
 .text.v7_arch_cp15_set_l2aux_ctrl
                0x0000000000000000        0x8 arch/arm/cpu/armv7/built-in.o
 .text.v7_arch_cp15_set_acr
                0x0000000000000000        0x8 arch/arm/cpu/armv7/built-in.o
 .text.sdelay   0x0000000000000000        0xc arch/arm/cpu/armv7/built-in.o
 .text.wait_on_value
                0x0000000000000000       0x34 arch/arm/cpu/armv7/built-in.o
 .text.board_mmc_get_env_dev
                0x0000000000000000        0x8 arch/arm/cpu/armv7/built-in.o
 .text.get_boot_device
                0x0000000000000000       0x9c arch/arm/cpu/armv7/built-in.o
 .text.set_arm_freq_400M
                0x0000000000000000       0x2c arch/arm/cpu/armv7/built-in.o
 .text.enable_enet_clk
                0x0000000000000000       0x64 arch/arm/cpu/armv7/built-in.o
 .text.enable_uart_clk
                0x0000000000000000       0x54 arch/arm/cpu/armv7/built-in.o
 .text.enable_usdhc_clk
                0x0000000000000000       0x4c arch/arm/cpu/armv7/built-in.o
 .text.enable_spi_clk
                0x0000000000000000       0x44 arch/arm/cpu/armv7/built-in.o
 .data          0x0000000000000000        0x0 arch/arm/cpu/armv7/built-in.o
 .bss           0x0000000000000000        0x0 arch/arm/cpu/armv7/built-in.o
 .text          0x0000000000000000        0x0 arch/arm/imx-common/built-in.o
 .text.get_imx_reset_cause
                0x0000000000000000       0x10 arch/arm/imx-common/built-in.o
 .text.set_chipselect_size
                0x0000000000000000       0x84 arch/arm/imx-common/built-in.o
 .text.mxs_wait_mask_set
                0x0000000000000000       0x3c arch/arm/imx-common/built-in.o
 .text.mxs_wait_mask_clr
                0x0000000000000000       0x3c arch/arm/imx-common/built-in.o
 .text.mxs_reset_block
                0x0000000000000000       0x90 arch/arm/imx-common/built-in.o
 .text.detect_hdmi
                0x0000000000000000       0x18 arch/arm/imx-common/built-in.o
 .data          0x0000000000000000        0x0 arch/arm/imx-common/built-in.o
 .bss           0x0000000000000000        0x0 arch/arm/imx-common/built-in.o
 .text.reset_misc
                0x0000000000000000        0x4 arch/arm/lib/built-in.o
 .text.enable_caches
                0x0000000000000000        0xc arch/arm/lib/built-in.o
 .text.invalidate_dcache_range
                0x0000000000000000        0x4 arch/arm/lib/built-in.o
 .text.flush_dcache_range
                0x0000000000000000        0x4 arch/arm/lib/built-in.o
 .text.flush_dcache_all
                0x0000000000000000        0xc arch/arm/lib/built-in.o
 .text.arm_init_before_mmu
                0x0000000000000000        0x4 arch/arm/lib/built-in.o
 .text.mmu_page_table_flush
                0x0000000000000000        0x4 arch/arm/lib/built-in.o
 .rodata.pl310  0x0000000000000000        0x4 arch/arm/lib/built-in.o
 .data          0x0000000000000000        0x0 arch/arm/lib/built-in.o
 .__secure_start
                0x0000000000000000        0x0 arch/arm/lib/built-in.o
[...]
Memory Configuration

Name             Origin             Length             Attributes
*default*        0x0000000000000000 0xffffffffffffffff

Linker script and memory map

Address of section .text set to 0x17800000
                0x0000000000000000                . = 0x0
                0x0000000000000000                . = ALIGN (0x4)

.text           0x0000000017800000    0x46a8c
 *(.__image_copy_start)
 .__image_copy_start
                0x0000000017800000        0x0 arch/arm/lib/built-in.o
                0x0000000017800000                __image_copy_start
 *(.vectors)
 .vectors       0x0000000017800000      0x2e8 arch/arm/lib/built-in.o
                0x0000000017800000                _start
                0x0000000017800020                _undefined_instruction
                0x0000000017800024                _software_interrupt
                0x0000000017800028                _prefetch_abort
                0x000000001780002c                _data_abort
                0x0000000017800030                _not_used
                0x0000000017800034                _irq
                0x0000000017800038                _fiq
                0x0000000017800040                IRQ_STACK_START_IN
 arch/arm/cpu/armv7/start.o(.text*)
 .text          0x00000000178002e8       0xec arch/arm/cpu/armv7/start.o
                0x00000000178002e8                reset
                0x00000000178002ec                save_boot_params_ret
                0x0000000017800328                c_runtime_cpu_setup
                0x0000000017800338                save_boot_params
                0x000000001780033c                cpu_init_cp15
                0x00000000178003cc                cpu_init_crit
 *(.text*)
 .text          0x00000000178003d4       0x24 arch/arm/cpu/armv7/built-in.o
                0x00000000178003d4                lowlevel_init
 .text.v7_maint_dcache_all
                0x00000000178003f8       0xd0 arch/arm/cpu/armv7/built-in.o
 .text.invalidate_icache_all
                0x00000000178004c8       0x18 arch/arm/cpu/armv7/built-in.o
                0x00000000178004c8                invalidate_icache_all
 .text.flush_dcache_all
                0x00000000178004e0       0x14 arch/arm/cpu/armv7/built-in.o
                0x00000000178004e0                flush_dcache_all
 .text.invalidate_dcache_all
                0x00000000178004f4       0x14 arch/arm/cpu/armv7/built-in.o
                0x00000000178004f4                invalidate_dcache_all
 .text.arm_init_before_mmu
                0x0000000017800508       0x28 arch/arm/cpu/armv7/built-in.o
                0x0000000017800508                arm_init_before_mmu
 .text.flush_dcache_range
                0x0000000017800530       0x38 arch/arm/cpu/armv7/built-in.o
                0x0000000017800530                flush_dcache_range
 .text.mmu_page_table_flush
                0x0000000017800568       0x24 arch/arm/cpu/armv7/built-in.o
                0x0000000017800568                mmu_page_table_flush
 .text.invalidate_dcache_range
                0x000000001780058c       0xa8 arch/arm/cpu/armv7/built-in.o
                0x000000001780058c                invalidate_dcache_range
 .text.cpu_cache_initialization
                0x0000000017800634        0x4 arch/arm/cpu/armv7/built-in.o
                0x0000000017800634                cpu_cache_initialization
 .text.cleanup_before_linux_select
                0x0000000017800638       0x4c arch/arm/cpu/armv7/built-in.o
                0x0000000017800638                cleanup_before_linux_select
 .text.cleanup_before_linux
                0x0000000017800684        0x8 arch/arm/cpu/armv7/built-in.o
                0x0000000017800684                cleanup_before_linux
 .text.set_ldo_voltage
                0x000000001780068c       0xb8 arch/arm/cpu/armv7/built-in.o
 .text.get_nr_cpus
                0x0000000017800744       0x10 arch/arm/cpu/armv7/built-in.o
                0x0000000017800744                get_nr_cpus
 .text.get_cpu_rev
                0x0000000017800754       0x90 arch/arm/cpu/armv7/built-in.o
                0x0000000017800754                get_cpu_rev
 .text.get_cpu_speed_grade_hz
                0x00000000178007e4      0x128 arch/arm/cpu/armv7/built-in.o
                0x00000000178007e4                get_cpu_speed_grade_hz
 .text.get_cpu_temp_grade
                0x000000001780090c       0x68 arch/arm/cpu/armv7/built-in.o
                0x000000001780090c                get_cpu_temp_grade
 .text.get_board_rev
                0x0000000017800974       0x40 arch/arm/cpu/armv7/built-in.o
                0x0000000017800974                get_board_rev
 .text.arch_cpu_init
                0x00000000178009b4      0x328 arch/arm/cpu/armv7/built-in.o
                0x00000000178009b4                arch_cpu_init
 .text.mmc_get_env_dev
                0x0000000017800cdc       0x28 arch/arm/cpu/armv7/built-in.o
                0x0000000017800cdc                mmc_get_env_dev
 .text.board_mmc_get_env_part
                0x0000000017800d04        0x8 arch/arm/cpu/armv7/built-in.o
                0x0000000017800d04                board_mmc_get_env_part
 .text.mmc_get_env_part
                0x0000000017800d0c       0x28 arch/arm/cpu/armv7/built-in.o
                0x0000000017800d0c                mmc_get_env_part
 .text.board_postclk_init
                0x0000000017800d34       0x18 arch/arm/cpu/armv7/built-in.o
                0x0000000017800d34                board_postclk_init
 .text.imx_get_mac_from_fuse
                0x0000000017800d4c       0xb8 arch/arm/cpu/armv7/built-in.o
                0x0000000017800d4c                imx_get_mac_from_fuse
 .text.set_wdog_reset
                0x0000000017800e04       0x18 arch/arm/cpu/armv7/built-in.o
                0x0000000017800e04                set_wdog_reset
 .text.reset_misc
                0x0000000017800e1c        0x4 arch/arm/cpu/armv7/built-in.o
                0x0000000017800e1c                reset_misc
 .text.s_init   0x0000000017800e20       0x98 arch/arm/cpu/armv7/built-in.o
                0x0000000017800e20                s_init
 .text.imx_enable_hdmi_phy
                0x0000000017800eb8       0x4c arch/arm/cpu/armv7/built-in.o
                0x0000000017800eb8                imx_enable_hdmi_phy
 .text.imx_setup_hdmi
                0x0000000017800f04       0x78 arch/arm/cpu/armv7/built-in.o
                0x0000000017800f04                imx_setup_hdmi
 .text.check_ldo_bypass
                0x0000000017800f7c       0x78 arch/arm/cpu/armv7/built-in.o
                0x0000000017800f7c                check_ldo_bypass
 .text.check_1_2G
                0x0000000017800ff4       0x5c arch/arm/cpu/armv7/built-in.o
                0x0000000017800ff4                check_1_2G
 .text.prep_anatop_bypass
                0x0000000017801050       0x60 arch/arm/cpu/armv7/built-in.o
                0x0000000017801050                prep_anatop_bypass
 .text.set_anatop_bypass
                0x00000000178010b0       0x50 arch/arm/cpu/armv7/built-in.o
                0x00000000178010b0                set_anatop_bypass
 .text.finish_anatop_bypass
                0x0000000017801100       0x24 arch/arm/cpu/armv7/built-in.o
                0x0000000017801100                finish_anatop_bypass
 .text.get_ipg_clk
                0x0000000017801124       0x28 arch/arm/cpu/armv7/built-in.o
 .text.get_uart_clk
                0x000000001780114c       0xc8 arch/arm/cpu/armv7/built-in.o
 .text.mxc_get_pll_pfd
                0x0000000017801214       0xd4 arch/arm/cpu/armv7/built-in.o
 .text.get_usdhc_clk
                0x00000000178012e8       0x8c arch/arm/cpu/armv7/built-in.o
 .text.enable_ocotp_clk
                0x0000000017801374       0x24 arch/arm/cpu/armv7/built-in.o
                0x0000000017801374                enable_ocotp_clk
 .text.enable_usboh3_clk
                0x0000000017801398       0x24 arch/arm/cpu/armv7/built-in.o
                0x0000000017801398                enable_usboh3_clk
 .text.enable_i2c_clk
                0x00000000178013bc       0xb8 arch/arm/cpu/armv7/built-in.o
                0x00000000178013bc                enable_i2c_clk
 .text.get_periph_clk
                0x0000000017801474       0xdc arch/arm/cpu/armv7/built-in.o
                0x0000000017801474                get_periph_clk
 .text.get_axi_clk
                0x0000000017801550       0x4c arch/arm/cpu/armv7/built-in.o
 .text.enable_fec_anatop_clock
                0x000000001780159c       0xf4 arch/arm/cpu/armv7/built-in.o
                0x000000001780159c                enable_fec_anatop_clock
 .text.imx_get_uartclk
                0x0000000017801690        0x4 arch/arm/cpu/armv7/built-in.o
                0x0000000017801690                imx_get_uartclk
 .text.enable_thermal_clk
                0x0000000017801694       0x48 arch/arm/cpu/armv7/built-in.o
                0x0000000017801694                enable_thermal_clk
 .text.mxc_get_clock
                0x00000000178016dc      0x470 arch/arm/cpu/armv7/built-in.o
                0x00000000178016dc                mxc_get_clock
 .text.imx_get_fecclk
                0x0000000017801b4c        0x8 arch/arm/cpu/armv7/built-in.o
                0x0000000017801b4c                imx_get_fecclk
 .text.do_mx6_showclocks
                0x0000000017801b54      0x230 arch/arm/cpu/armv7/built-in.o
                0x0000000017801b54                do_mx6_showclocks
 .text.enable_ipu_clock
                0x0000000017801d84       0x90 arch/arm/cpu/armv7/built-in.o
                0x0000000017801d84                enable_ipu_clock
 .text.cpu_reset
                0x0000000017801e14       0x28 arch/arm/cpu/armv7/built-in.o
                0x0000000017801e14                cpu_reset
 .text.cpu_status
                0x0000000017801e3c       0x40 arch/arm/cpu/armv7/built-in.o
                0x0000000017801e3c                cpu_status
 .text.cpu_release
                0x0000000017801e7c       0x84 arch/arm/cpu/armv7/built-in.o
                0x0000000017801e7c                cpu_release
 .text.is_core_valid
                0x0000000017801f00       0x1c arch/arm/cpu/armv7/built-in.o
                0x0000000017801f00                is_core_valid
 .text.cpu_disable
                0x0000000017801f1c       0x28 arch/arm/cpu/armv7/built-in.o
                0x0000000017801f1c                cpu_disable
 .text.imx_iomux_v3_setup_pad
                0x0000000017801f44       0xf0 arch/arm/imx-common/built-in.o
                0x0000000017801f44                imx_iomux_v3_setup_pad
 .text.imx_iomux_v3_setup_multiple_pads
                0x0000000017802034       0x2c arch/arm/imx-common/built-in.o
                0x0000000017802034                imx_iomux_v3_setup_multiple_pads
 .text.imx_iomux_set_gpr_register
                0x0000000017802060       0x3c arch/arm/imx-common/built-in.o
                0x0000000017802060                imx_iomux_set_gpr_register
 .text.imx_ddr_size
                0x000000001780209c       0x64 arch/arm/imx-common/built-in.o
                0x000000001780209c                imx_ddr_size
 .text.get_imx_type
                0x0000000017802100       0x20 arch/arm/imx-common/built-in.o
                0x0000000017802100                get_imx_type
 .text.print_cpuinfo
                0x0000000017802120      0x228 arch/arm/imx-common/built-in.o
                0x0000000017802120                print_cpuinfo
 .text.cpu_eth_init
                0x0000000017802348        0x4 arch/arm/imx-common/built-in.o
                0x0000000017802348                cpu_eth_init
 .text.cpu_mmc_init
                0x000000001780234c        0x4 arch/arm/imx-common/built-in.o
                0x000000001780234c                cpu_mmc_init
 .text.get_ahb_clk
                0x0000000017802350       0x24 arch/arm/imx-common/built-in.o
                0x0000000017802350                get_ahb_clk
 .text.arch_preboot_os
                0x0000000017802374       0x14 arch/arm/imx-common/built-in.o
                0x0000000017802374                arch_preboot_os
 .text.get_clocks
                0x0000000017802388       0x1c arch/arm/imx-common/built-in.o
                0x0000000017802388                get_clocks
 .text.force_idle_bus
                0x00000000178023a4      0x1c4 arch/arm/imx-common/built-in.o
                0x00000000178023a4                force_idle_bus
 .text.setup_i2c
                0x0000000017802568       0xe4 arch/arm/imx-common/built-in.o
                0x0000000017802568                setup_i2c
 .text.enable_caches
                0x000000001780264c       0x34 arch/arm/imx-common/built-in.o
                0x000000001780264c                enable_caches
 .text.v7_outer_cache_enable
                0x0000000017802680       0x74 arch/arm/imx-common/built-in.o
                0x0000000017802680                v7_outer_cache_enable
 .text.v7_outer_cache_disable
                0x00000000178026f4       0x18 arch/arm/imx-common/built-in.o
                0x00000000178026f4                v7_outer_cache_disable
 .text.init_aips
                0x000000001780270c       0xc0 arch/arm/imx-common/built-in.o
                0x000000001780270c                init_aips
 .text.imx_set_wdog_powerdown
                0x00000000178027cc       0xa0 arch/arm/imx-common/built-in.o
                0x00000000178027cc                imx_set_wdog_powerdown
 .text.init_src
                0x000000001780286c       0x18 arch/arm/imx-common/built-in.o
                0x000000001780286c                init_src
 .text.boot_mode_apply
                0x0000000017802884       0x24 arch/arm/imx-common/built-in.o
                0x0000000017802884                boot_mode_apply
 .text.board_video_skip
                0x00000000178028a8      0x16c arch/arm/imx-common/built-in.o
                0x00000000178028a8                board_video_skip
 .text.timer_init
                0x0000000017802a14      0x178 arch/arm/imx-common/built-in.o
                0x0000000017802a14                timer_init
 .text.timer_read_counter
                0x0000000017802b8c       0x10 arch/arm/imx-common/built-in.o
                0x0000000017802b8c                timer_read_counter
 .text.get_tbclk
                0x0000000017802b9c       0xc0 arch/arm/imx-common/built-in.o
                0x0000000017802b9c                get_tbclk
 .text.create_usage
                0x0000000017802c5c       0xac arch/arm/imx-common/built-in.o
 .text.do_boot_mode
                0x0000000017802d08       0xd4 arch/arm/imx-common/built-in.o
 .text.add_board_boot_modes
                0x0000000017802ddc       0x60 arch/arm/imx-common/built-in.o
                0x0000000017802ddc                add_board_boot_modes
 .text          0x0000000017802e3c       0x90 arch/arm/lib/built-in.o
                0x0000000017802e3c                _main
 .text.relocate_vectors
                0x0000000017802ecc       0x70 arch/arm/lib/built-in.o
                0x0000000017802ecc                relocate_vectors
                0x0000000017802ed8                relocate_code
 .text.arch_fixup_fdt
                0x0000000017802f3c       0x38 arch/arm/lib/built-in.o
                0x0000000017802f3c                arch_fixup_fdt
 .text.boot_jump_linux
                0x0000000017802f74       0xc4 arch/arm/lib/built-in.o
 .text.arch_lmb_reserve
                0x0000000017803038       0x24 arch/arm/lib/built-in.o
                0x0000000017803038                arch_lmb_reserve
 .text.setup_board_tags
                0x000000001780305c        0x4 arch/arm/lib/built-in.o
                0x000000001780305c                setup_board_tags
 .text.boot_prep_linux
                0x0000000017803060      0x1d4 arch/arm/lib/built-in.o
 .text.do_bootm_linux
                0x0000000017803234       0x64 arch/arm/lib/built-in.o
                0x0000000017803234                do_bootm_linux
 .text.bootz_setup
                0x0000000017803298       0x58 arch/arm/lib/built-in.o
                0x0000000017803298                bootz_setup
 .text.boot_prep_vxworks
                0x00000000178032f0       0x50 arch/arm/lib/built-in.o
                0x00000000178032f0                boot_prep_vxworks
 .text.boot_jump_vxworks
                0x0000000017803340        0xc arch/arm/lib/built-in.o
                0x0000000017803340                boot_jump_vxworks
 .text.pl310_background_op_all_ways
                0x000000001780334c       0x38 arch/arm/lib/built-in.o
 .text.v7_outer_cache_inval_all
                0x0000000017803384        0xc arch/arm/lib/built-in.o
                0x0000000017803384                v7_outer_cache_inval_all
 .text.v7_outer_cache_flush_all
                0x0000000017803390        0xc arch/arm/lib/built-in.o
                0x0000000017803390                v7_outer_cache_flush_all
 .text.v7_outer_cache_flush_range
                0x000000001780339c       0x30 arch/arm/lib/built-in.o
                0x000000001780339c                v7_outer_cache_flush_range
 .text.v7_outer_cache_inval_range
                0x00000000178033cc       0x80 arch/arm/lib/built-in.o
                0x00000000178033cc                v7_outer_cache_inval_range
 .text.arch_reserve_stacks
                0x000000001780344c       0x1c arch/arm/lib/built-in.o
                0x000000001780344c                arch_reserve_stacks
 .text.interrupt_init
                0x0000000017803468       0x1c arch/arm/lib/built-in.o
                0x0000000017803468                interrupt_init
 .text.enable_interrupts
                0x0000000017803484        0x4 arch/arm/lib/built-in.o
                0x0000000017803484                enable_interrupts
 .text.disable_interrupts
                0x0000000017803488        0x8 arch/arm/lib/built-in.o
                0x0000000017803488                disable_interrupts
 .text.bad_mode
                0x0000000017803490       0x10 arch/arm/lib/built-in.o
                0x0000000017803490                bad_mode
 .text.show_regs
                0x00000000178034a0      0x174 arch/arm/lib/built-in.o
                0x00000000178034a0                show_regs
 .text.do_undefined_instruction
                0x0000000017803614       0x20 arch/arm/lib/built-in.o
                0x0000000017803614                do_undefined_instruction
 .text.do_software_interrupt
                0x0000000017803634       0x20 arch/arm/lib/built-in.o
                0x0000000017803634                do_software_interrupt
 .text.do_prefetch_abort
                0x0000000017803654       0x20 arch/arm/lib/built-in.o
                0x0000000017803654                do_prefetch_abort
 .text.do_data_abort
                0x0000000017803674       0x20 arch/arm/lib/built-in.o
                0x0000000017803674                do_data_abort
 .text.do_not_used
                0x0000000017803694       0x20 arch/arm/lib/built-in.o
                0x0000000017803694                do_not_used
 .text.do_fiq   0x00000000178036b4       0x20 arch/arm/lib/built-in.o
                0x00000000178036b4                do_fiq
 .text.do_irq   0x00000000178036d4       0x20 arch/arm/lib/built-in.o
                0x00000000178036d4                do_irq
 .text.do_reset
                0x00000000178036f4       0x30 arch/arm/lib/built-in.o
                0x00000000178036f4                do_reset
 .text.flush_cache
                0x0000000017803724        0x8 arch/arm/lib/built-in.o
                0x0000000017803724                flush_cache
 .text.cp_delay
                0x000000001780372c       0x30 arch/arm/lib/built-in.o
 .text.arm_init_domains
                0x000000001780375c        0x4 arch/arm/lib/built-in.o
                0x000000001780375c                arm_init_domains
 .text.set_section_dcache
                0x0000000017803760       0x14 arch/arm/lib/built-in.o
                0x0000000017803760                set_section_dcache
 .text.mmu_set_region_dcache_behaviour
                0x0000000017803774       0x4c arch/arm/lib/built-in.o
                0x0000000017803774                mmu_set_region_dcache_behaviour
 .text.dram_bank_mmu_setup
                0x00000000178037c0       0x44 arch/arm/lib/built-in.o
                0x00000000178037c0                dram_bank_mmu_setup
 .text.icache_enable
                0x0000000017803804       0x18 arch/arm/lib/built-in.o
                0x0000000017803804                icache_enable
 .text.icache_disable
                0x000000001780381c       0x20 arch/arm/lib/built-in.o
                0x000000001780381c                icache_disable
 .text.icache_status
                0x000000001780383c        0xc arch/arm/lib/built-in.o
                0x000000001780383c                icache_status
 .text.dcache_enable
                0x0000000017803848       0x7c arch/arm/lib/built-in.o
                0x0000000017803848                dcache_enable
 .text.dcache_disable
                0x00000000178038c4       0x2c arch/arm/lib/built-in.o
                0x00000000178038c4                dcache_disable
 .text.dcache_status
                0x00000000178038f0        0xc arch/arm/lib/built-in.o
                0x00000000178038f0                dcache_status
 .text.pfuze_mode_init
                0x00000000178038fc       0xd4 board/freescale/common/built-in.o
                0x00000000178038fc                pfuze_mode_init
 .text.pfuze_common_init
                0x00000000178039d0      0x10c board/freescale/common/built-in.o
                0x00000000178039d0                pfuze_common_init
 .text.board_late_mmc_env_init
                0x0000000017803adc       0x9c board/freescale/common/built-in.o
                0x0000000017803adc                board_late_mmc_env_init
 .text.enable_lvds
                0x0000000017803b78       0x14 board/freescale/mx6sabresd/built-in.o
 .text.enable_rgb
                0x0000000017803b8c       0x24 board/freescale/mx6sabresd/built-in.o
 .text.do_enable_hdmi
                0x0000000017803bb0       0x18 board/freescale/mx6sabresd/built-in.o
 .text.dram_init
                0x0000000017803bc8       0x18 board/freescale/mx6sabresd/built-in.o
                0x0000000017803bc8                dram_init
 .text.board_mmc_get_env_dev
                0x0000000017803be0        0x8 board/freescale/mx6sabresd/built-in.o
                0x0000000017803be0                board_mmc_get_env_dev
 .text.mmc_map_to_kernel_blk
                0x0000000017803be8        0x8 board/freescale/mx6sabresd/built-in.o
                0x0000000017803be8                mmc_map_to_kernel_blk
 .text.board_mmc_getcd
                0x0000000017803bf0       0x60 board/freescale/mx6sabresd/built-in.o
                0x0000000017803bf0                board_mmc_getcd
 .text.board_mmc_init
                0x0000000017803c50       0xb8 board/freescale/mx6sabresd/built-in.o
                0x0000000017803c50                board_mmc_init
 .text.mx6_rgmii_rework
                0x0000000017803d08      0x110 board/freescale/mx6sabresd/built-in.o
                0x0000000017803d08                mx6_rgmii_rework
 .text.board_phy_config
                0x0000000017803e18       0x2c board/freescale/mx6sabresd/built-in.o
                0x0000000017803e18                board_phy_config
 .text.overwrite_console
                0x0000000017803e44        0x8 board/freescale/mx6sabresd/built-in.o
                0x0000000017803e44                overwrite_console
 .text.board_eth_init
                0x0000000017803e4c       0x5c board/freescale/mx6sabresd/built-in.o
                0x0000000017803e4c                board_eth_init
 .text.board_ehci_hcd_init
                0x0000000017803ea8       0x28 board/freescale/mx6sabresd/built-in.o
                0x0000000017803ea8                board_ehci_hcd_init
 .text.board_ehci_power
                0x0000000017803ed0       0x48 board/freescale/mx6sabresd/built-in.o
                0x0000000017803ed0                board_ehci_power
 .text.board_early_init_f
                0x0000000017803f18       0x8c board/freescale/mx6sabresd/built-in.o
                0x0000000017803f18                board_early_init_f
 .text.board_init
                0x0000000017803fa4       0xc4 board/freescale/mx6sabresd/built-in.o
                0x0000000017803fa4                board_init
 .text.power_init_board
                0x0000000017804068      0x254 board/freescale/mx6sabresd/built-in.o
                0x0000000017804068                power_init_board
 .text.ldo_mode_set
                0x00000000178042bc      0x2b8 board/freescale/mx6sabresd/built-in.o
                0x00000000178042bc                ldo_mode_set
 .text.board_late_init
                0x0000000017804574       0xc0 board/freescale/mx6sabresd/built-in.o
                0x0000000017804574                board_late_init
 .text.checkboard
                0x0000000017804634       0x18 board/freescale/mx6sabresd/built-in.o
                0x0000000017804634                checkboard
 .text.do_go_exec
                0x000000001780464c       0x10 cmd/built-in.o
                0x000000001780464c                do_go_exec
 .text.do_go    0x000000001780465c       0x6c cmd/built-in.o
 .text.do_bootm
                0x00000000178046c8      0x10c cmd/built-in.o
                0x00000000178046c8                do_bootm
 .text.do_bootd
                0x00000000178047d4       0x20 cmd/built-in.o
                0x00000000178047d4                do_bootd
 .text.image_info
                0x00000000178047f4       0xcc cmd/built-in.o
 .text.do_iminfo
                0x00000000178048c0       0x5c cmd/built-in.o
 .text.bootm_maybe_autostart
                0x000000001780491c       0x78 cmd/built-in.o
                0x000000001780491c                bootm_maybe_autostart
 .text.do_bootz
                0x0000000017804994       0xf8 cmd/built-in.o
                0x0000000017804994                do_bootz
 .text.do_help  0x0000000017804a8c       0x44 cmd/built-in.o
 .text.do_version
                0x0000000017804ad0       0x38 cmd/built-in.o
 .text.source   0x0000000017804b08       0xd8 cmd/built-in.o
                0x0000000017804b08                source
 .text.do_source
                0x0000000017804be0       0x44 cmd/built-in.o
 .text.print_num
                0x0000000017804c24       0x14 cmd/built-in.o
 .text.do_bdinfo
                0x0000000017804c38      0x190 cmd/built-in.o
 .text.parse_argv
                0x0000000017804dc8       0x64 cmd/built-in.o
 .text.do_icache
                0x0000000017804e2c       0x88 cmd/built-in.o
 .text.do_dcache
                0x0000000017804eb4       0x88 cmd/built-in.o
 .text.do_coninfo
                0x0000000017804f3c       0xb0 cmd/built-in.o
 .text.do_echo  0x0000000017804fec       0xb0 cmd/built-in.o
 .text.load_elf_image_shdr
                0x000000001780509c       0x8c cmd/built-in.o
 .text.valid_elf_image
                0x0000000017805128       0x4c cmd/built-in.o
                0x0000000017805128                valid_elf_image
 .text.do_bootelf
                0x0000000017805174      0x1b0 cmd/built-in.o
                0x0000000017805174                do_bootelf
 .text.do_bootvx
                0x0000000017805324      0x330 cmd/built-in.o
                0x0000000017805324                do_bootvx
 .text.do_exit  0x0000000017805654       0x3c cmd/built-in.o
 .text.do_ext4_size
                0x0000000017805690       0x18 cmd/built-in.o
                0x0000000017805690                do_ext4_size
 .text.do_ext4_load
                0x00000000178056a8       0x18 cmd/built-in.o
                0x00000000178056a8                do_ext4_load
 .text.do_ext4_ls
                0x00000000178056c0       0x18 cmd/built-in.o
                0x00000000178056c0                do_ext4_ls
 .text.do_ext4_write
                0x00000000178056d8       0x18 cmd/built-in.o
                0x00000000178056d8                do_ext4_write
 .text.do_ext2load
                0x00000000178056f0       0x18 cmd/built-in.o
                0x00000000178056f0                do_ext2load
 .text.do_ext2ls
                0x0000000017805708       0x18 cmd/built-in.o
 .text.do_fat_size
                0x0000000017805720       0x18 cmd/built-in.o
                0x0000000017805720                do_fat_size
 .text.do_fat_fsload
                0x0000000017805738       0x18 cmd/built-in.o
                0x0000000017805738                do_fat_fsload
 .text.do_fat_ls
                0x0000000017805750       0x18 cmd/built-in.o
 .text.do_fat_fsinfo
                0x0000000017805768       0x90 cmd/built-in.o
 .text.fdt_valid
                0x00000000178057f8       0xbc cmd/built-in.o
 .text.is_printable_string
                0x00000000178058b4       0x9c cmd/built-in.o
 .text.print_data
                0x0000000017805950      0x174 cmd/built-in.o
 .text.set_working_fdt_addr
                0x0000000017805ac4       0x1c cmd/built-in.o
                0x0000000017805ac4                set_working_fdt_addr
 .text.do_fdt   0x0000000017805ae0      0xe5c cmd/built-in.o
 .text.do_flerase
                0x000000001780693c        0x8 cmd/built-in.o
 .text.do_protect
                0x0000000017806944       0x10 cmd/built-in.o
 .text.do_flinfo
                0x0000000017806954        0x8 cmd/built-in.o
 .text.do_size_wrapper
                0x000000001780695c       0x18 cmd/built-in.o
 .text.do_load_wrapper
                0x0000000017806974       0x18 cmd/built-in.o
 .text.do_save_wrapper
                0x000000001780698c       0x18 cmd/built-in.o
 .text.do_ls_wrapper
                0x00000000178069a4       0x18 cmd/built-in.o
 .text.do_fstype_wrapper
                0x00000000178069bc        0x4 cmd/built-in.o
 .text.strtou32
                0x00000000178069c0       0x44 cmd/built-in.o
 .text.do_fuse  0x0000000017806a04      0x358 cmd/built-in.o
 .text.name_to_gpio
                0x0000000017806d5c        0xc cmd/built-in.o
                0x0000000017806d5c                name_to_gpio
 .text.do_gpio  0x0000000017806d68      0x154 cmd/built-in.o
 .text.do_i2c   0x0000000017806ebc       0x68 cmd/built-in.o
 .text.do_i2c_bus_speed
                0x0000000017806f24       0x78 cmd/built-in.o
 .text.do_i2c_reset
                0x0000000017806f9c       0x2c cmd/built-in.o
 .text.do_i2c_probe
                0x0000000017806fc8       0x9c cmd/built-in.o
 .text.do_i2c_bus_num
                0x0000000017807064       0xb8 cmd/built-in.o
 .text.do_i2c_show_bus
                0x000000001780711c       0xd0 cmd/built-in.o
 .text.get_alen.constprop.5
                0x00000000178071ec       0x3c cmd/built-in.o
 .text.do_i2c_crc
                0x0000000017807228      0x120 cmd/built-in.o
 .text.mod_i2c_mem.isra.3
                0x0000000017807348      0x1f0 cmd/built-in.o
 .text.do_i2c_nm
                0x0000000017807538        0x8 cmd/built-in.o
 .text.do_i2c_mm
                0x0000000017807540        0x8 cmd/built-in.o
 .text.do_i2c_md
                0x0000000017807548      0x1e4 cmd/built-in.o
 .text.do_i2c_read
                0x000000001780772c       0xbc cmd/built-in.o
 .text.do_i2c_mw
                0x00000000178077e8       0xfc cmd/built-in.o
 .text.do_i2c_write
                0x00000000178078e4      0x14c cmd/built-in.o
 .text.do_i2c_loop
                0x0000000017807a30       0xe4 cmd/built-in.o
 .text.i2c_init_board
                0x0000000017807b14        0x4 cmd/built-in.o
                0x0000000017807b14                i2c_init_board
 .text.evalexp  0x0000000017807b18       0x78 cmd/built-in.o
 .text.evalstr  0x0000000017807b90       0x6c cmd/built-in.o
 .text.binary_test
                0x0000000017807bfc      0x1c0 cmd/built-in.o
 .text.do_itest
                0x0000000017807dbc       0x88 cmd/built-in.o
 .text.bin_data_init
                0x0000000017807e44       0x2c cmd/built-in.o
 .text.k_data_save
                0x0000000017807e70       0x4c cmd/built-in.o
 .text.k_data_restore
                0x0000000017807ebc       0x4c cmd/built-in.o
 .text.getcxmodem
                0x0000000017807f08       0x20 cmd/built-in.o
 .text.load_serial_ymodem
                0x0000000017807f28       0xcc cmd/built-in.o
 .text.bin_data_char
                0x0000000017807ff4       0x2c cmd/built-in.o
 .text.chk1.constprop.1
                0x0000000017808020       0x2c cmd/built-in.o
 .text.s1_sendpacket.constprop.2
                0x000000001780804c       0x50 cmd/built-in.o
 .text.load_serial
                0x000000001780809c      0x1f0 cmd/built-in.o
 .text.do_load_serial
                0x000000001780828c       0xdc cmd/built-in.o
 .text.do_load_serial_bin
                0x0000000017808368      0x7a4 cmd/built-in.o
 .text.do_mem_mw
                0x0000000017808b0c       0xc0 cmd/built-in.o
 .text.do_mem_loop
                0x0000000017808bcc       0xec cmd/built-in.o
 .text.do_mem_md
                0x0000000017808cb8       0xe4 cmd/built-in.o
 .text.do_mem_cmp
                0x0000000017808d9c      0x168 cmd/built-in.o
 .text.do_mem_base
                0x0000000017808f04       0x40 cmd/built-in.o
 .text.do_mem_cp
                0x0000000017808f44       0xd8 cmd/built-in.o
 .text.do_mem_crc
                0x000000001780901c       0x48 cmd/built-in.o
 .text.do_mem_mtest
                0x0000000017809064      0x224 cmd/built-in.o
 .text.mod_mem.isra.0
                0x0000000017809288      0x16c cmd/built-in.o
 .text.do_mem_mm
                0x00000000178093f4        0x8 cmd/built-in.o
 .text.do_mem_nm
                0x00000000178093fc        0x8 cmd/built-in.o
 .text.extract_range
                0x0000000017809404       0xe4 cmd/built-in.o
 .text.do_mii   0x00000000178094e8      0x8f0 cmd/built-in.o
 .text.do_mdio  0x0000000017809dd8      0x4ec cmd/built-in.o
 .text.do_sleep
                0x000000001780a2c4       0x70 cmd/built-in.o
 .text.do_mmcops
                0x000000001780a334       0xb8 cmd/built-in.o
 .text.init_mmc_device
                0x000000001780a3ec       0x54 cmd/built-in.o
 .text.do_mmc_rescan
                0x000000001780a440       0x24 cmd/built-in.o
 .text.do_mmc_rst_func
                0x000000001780a464       0xa0 cmd/built-in.o
 .text.do_mmc_partconf
                0x000000001780a504       0xb4 cmd/built-in.o
 .text.do_mmc_boot_resize
                0x000000001780a5b8       0xcc cmd/built-in.o
 .text.do_mmc_bootbus
                0x000000001780a684       0xb4 cmd/built-in.o
 .text.do_mmc_hwpartition
                0x000000001780a738      0x510 cmd/built-in.o
 .text.do_mmc_list
                0x000000001780ac48       0x14 cmd/built-in.o
 .text.do_mmc_dev
                0x000000001780ac5c      0x134 cmd/built-in.o
 .text.do_mmc_part
                0x000000001780ad90       0x5c cmd/built-in.o
 .text.do_mmc_erase
                0x000000001780adec       0xe8 cmd/built-in.o
 .text.do_mmc_write
                0x000000001780aed4      0x100 cmd/built-in.o
 .text.do_mmc_read
                0x000000001780afd4       0xec cmd/built-in.o
 .text.do_mmcinfo
                0x000000001780b0c0      0x370 cmd/built-in.o
 .text.do_mmc_setdsr
                0x000000001780b430       0xb0 cmd/built-in.o
 .text.cpu_cmd  0x000000001780b4e0      0x160 cmd/built-in.o
 .text.netboot_common
                0x000000001780b640      0x294 cmd/built-in.o
 .text.do_bootp
                0x000000001780b8d4        0xc cmd/built-in.o
 .text.do_dhcp  0x000000001780b8e0        0xc cmd/built-in.o
 .text.do_nfs   0x000000001780b8ec        0xc cmd/built-in.o
 .text.do_tftpb
                0x000000001780b8f8       0x40 cmd/built-in.o
                0x000000001780b8f8                do_tftpb
 .text.do_ping  0x000000001780b938       0x78 cmd/built-in.o
 .text.substitute
                0x000000001780b9b0       0xf0 cmd/built-in.o
 .text.get_arg  0x000000001780baa0       0x58 cmd/built-in.o
 .text.regex_sub
                0x000000001780baf8      0x450 cmd/built-in.o
 .text.do_setexpr
                0x000000001780bf48      0x1a0 cmd/built-in.o
 .text.do_false
                0x000000001780c0e8        0x8 cmd/built-in.o
 .text.do_true  0x000000001780c0f0        0x8 cmd/built-in.o
 .text.do_test  0x000000001780c0f8      0x338 cmd/built-in.o
 .text.usb_get_class_desc
                0x000000001780c430       0xbc cmd/built-in.o
 .text.usb_find_device
                0x000000001780c4ec       0x3c cmd/built-in.o
 .text.usb_show_tree_graph
                0x000000001780c528      0x228 cmd/built-in.o
 .text.usb_display_class_sub
                0x000000001780c750      0x170 cmd/built-in.o
 .text.usb_display_string
                0x000000001780c8c0       0x44 cmd/built-in.o
 .text.usb_display_config
                0x000000001780c904      0x20c cmd/built-in.o
 .text.do_usbboot
                0x000000001780cb10        0xc cmd/built-in.o
 .text.usb_display_desc.part.1
                0x000000001780cb1c      0x12c cmd/built-in.o
 .text.do_usb_start
                0x000000001780cc48       0x38 cmd/built-in.o
 .text.usb_show_tree
                0x000000001780cc80       0x54 cmd/built-in.o
                0x000000001780cc80                usb_show_tree
 .text.do_usb   0x000000001780ccd4      0x750 cmd/built-in.o
 .text.ums_read_sector
                0x000000001780d424       0x20 cmd/built-in.o
 .text.ums_write_sector
                0x000000001780d444       0x20 cmd/built-in.o
 .text.ums_fini
                0x000000001780d464       0x60 cmd/built-in.o
 .text.do_usb_mass_storage
                0x000000001780d4c4      0x33c cmd/built-in.o
                0x000000001780d4c4                do_usb_mass_storage
 .text.do_imgextract
                0x000000001780d800      0x290 cmd/built-in.o
 .text.do_dfu   0x000000001780da90      0x17c cmd/built-in.o
 .text.do_env_delete
                0x000000001780dc0c       0x9c cmd/built-in.o
 .text.do_env_exists
                0x000000001780dca8       0x64 cmd/built-in.o
 .text.do_env_save
                0x000000001780dd0c       0x2c cmd/built-in.o
 .text.do_env   0x000000001780dd38       0x68 cmd/built-in.o
 .text.env_print
                0x000000001780dda0       0xc0 cmd/built-in.o
 .text.do_env_print
                0x000000001780de60       0xc4 cmd/built-in.o
 .text.do_env_import
                0x000000001780df24      0x284 cmd/built-in.o
 .text.do_env_default
                0x000000001780e1a8       0xa8 cmd/built-in.o
 .text._do_env_set.isra.0
                0x000000001780e250      0x1bc cmd/built-in.o
 .text.do_env_set
                0x000000001780e40c       0x20 cmd/built-in.o
 .text.get_env_id
                0x000000001780e42c       0x10 cmd/built-in.o
                0x000000001780e42c                get_env_id
 .text.setenv   0x000000001780e43c       0x60 cmd/built-in.o
                0x000000001780e43c                setenv
 .text.setenv_ulong
                0x000000001780e49c       0x20 cmd/built-in.o
                0x000000001780e49c                setenv_ulong
 .text.setenv_hex
                0x000000001780e4bc       0x34 cmd/built-in.o
                0x000000001780e4bc                setenv_hex
 .text.do_env_export
                0x000000001780e4f0      0x258 cmd/built-in.o
 .text.envmatch
                0x000000001780e748       0x6c cmd/built-in.o
                0x000000001780e748                envmatch
 .text.getenv_f
                0x000000001780e7b4       0xc0 cmd/built-in.o
                0x000000001780e7b4                getenv_f
 .text.getenv   0x000000001780e874       0x78 cmd/built-in.o
                0x000000001780e874                getenv
 .text.getenv_hex
                0x000000001780e8ec       0x3c cmd/built-in.o
                0x000000001780e8ec                getenv_hex
 .text.getenv_ulong
                0x000000001780e928       0x30 cmd/built-in.o
                0x000000001780e928                getenv_ulong
 .text.do_env_edit.part.2
                0x000000001780e958       0xa4 cmd/built-in.o
 .text.do_env_edit
                0x000000001780e9fc       0x2c cmd/built-in.o
 .text.common_diskboot
                0x000000001780ea28      0x234 cmd/built-in.o
                0x000000001780ea28                common_diskboot
 .text.board_init_f_alloc_reserve
                0x000000001780ec5c       0x10 common/built-in.o
                0x000000001780ec5c                board_init_f_alloc_reserve
 .text.board_init_f_init_reserve
                0x000000001780ec6c       0x20 common/built-in.o
                0x000000001780ec6c                board_init_f_init_reserve
 .text.show_boot_progress
                0x000000001780ec8c        0x4 common/built-in.o
                0x000000001780ec8c                show_boot_progress
 .text.main_loop
                0x000000001780ec90       0x20 common/built-in.o
                0x000000001780ec90                main_loop
 .text.dummy    0x000000001780ecb0        0x4 common/built-in.o
 .text.get_version
                0x000000001780ecb4        0x8 common/built-in.o
                0x000000001780ecb4                get_version
 .text.jumptable_init
                0x000000001780ecbc      0x1e0 common/built-in.o
                0x000000001780ecbc                jumptable_init
 .text.hash_finish_crc32
                0x000000001780ee9c       0x30 common/built-in.o
 .text.hash_update_crc32
                0x000000001780eecc       0x24 common/built-in.o
 .text.hash_init_crc32
                0x000000001780eef0       0x24 common/built-in.o
 .text.hash_lookup_algo
                0x000000001780ef14       0x28 common/built-in.o
                0x000000001780ef14                hash_lookup_algo
 .text.hash_command
                0x000000001780ef3c       0xb4 common/built-in.o
                0x000000001780ef3c                hash_command
 .text.b_reset  0x000000001780eff0       0x1c common/built-in.o
 .text.static_get
                0x000000001780f00c       0x1c common/built-in.o
 .text.file_peek
                0x000000001780f028        0xc common/built-in.o
 .text.mapset   0x000000001780f034       0x20 common/built-in.o
 .text.syntax_err
                0x000000001780f054        0xc common/built-in.o
 .text.free_pipe_list
                0x000000001780f060       0xf4 common/built-in.o
 .text.xmalloc  0x000000001780f154       0x20 common/built-in.o
 .text.new_pipe
                0x000000001780f174       0x28 common/built-in.o
 .text.xrealloc
                0x000000001780f19c       0x20 common/built-in.o
 .text.done_command
                0x000000001780f1bc       0x88 common/built-in.o
 .text.done_pipe
                0x000000001780f244       0x48 common/built-in.o
 .text.done_word
                0x000000001780f28c      0x2e4 common/built-in.o
 .text.do_showvar
                0x000000001780f570       0xf4 common/built-in.o
 .text.is_assignment
                0x000000001780f664       0x5c common/built-in.o
 .text.file_get
                0x000000001780f6c0      0x1f0 common/built-in.o
 .text.b_addchr
                0x000000001780f8b0       0x80 common/built-in.o
 .text.b_addqchr
                0x000000001780f930       0x50 common/built-in.o
 .text.static_peek
                0x000000001780f980        0xc common/built-in.o
 .text.get_local_var
                0x000000001780f98c       0xa0 common/built-in.o
                0x000000001780f98c                get_local_var
 .text.set_local_var
                0x000000001780fa2c      0x1bc common/built-in.o
                0x000000001780fa2c                set_local_var
 .text.insert_var_value_sub
                0x000000001780fbe8      0x2c0 common/built-in.o
 .text.parse_string_outer
                0x000000001780fea8       0xe4 common/built-in.o
                0x000000001780fea8                parse_string_outer
 .text.run_list_real
                0x000000001780ff8c      0x7b8 common/built-in.o
 .text.parse_stream_outer
                0x0000000017810744      0x6d0 common/built-in.o
 .text.parse_file_outer
                0x0000000017810e14       0x44 common/built-in.o
                0x0000000017810e14                parse_file_outer
 .text.u_boot_hush_start
                0x0000000017810e58       0x54 common/built-in.o
                0x0000000017810e58                u_boot_hush_start
 .text.bootdelay_process
                0x0000000017810eac       0xd0 common/built-in.o
                0x0000000017810eac                bootdelay_process
 .text.autoboot_command
                0x0000000017810f7c       0xd0 common/built-in.o
                0x0000000017810f7c                autoboot_command
 .text.setup_mon_len
                0x000000001781104c       0x20 common/built-in.o
 .text.reserve_round_4k
                0x000000001781106c       0x18 common/built-in.o
 .text.reserve_mmu
                0x0000000017811084       0x38 common/built-in.o
 .text.reserve_uboot
                0x00000000178110bc       0x30 common/built-in.o
 .text.reserve_malloc
                0x00000000178110ec       0x18 common/built-in.o
 .text.setup_machine
                0x0000000017811104       0x14 common/built-in.o
 .text.reserve_global_data
                0x0000000017811118       0x1c common/built-in.o
 .text.reserve_fdt
                0x0000000017811134       0x4c common/built-in.o
 .text.initf_console_record
                0x0000000017811180        0x8 common/built-in.o
 .text.arch_cpu_init_dm
                0x0000000017811188        0x8 common/built-in.o
                0x0000000017811188                arch_cpu_init_dm
 .text.announce_dram_init
                0x0000000017811190       0x18 common/built-in.o
 .text.init_func_i2c
                0x00000000178111a8       0x28 common/built-in.o
 .text.init_baud_rate
                0x00000000178111d0       0x2c common/built-in.o
 .text.mark_bootstage
                0x00000000178111fc       0x14 common/built-in.o
 .text.initf_dm
                0x0000000017811210        0x8 common/built-in.o
 .text.setup_reloc
                0x0000000017811218       0x3c common/built-in.o
 .text.reloc_fdt
                0x0000000017811254       0x44 common/built-in.o
 .text.reserve_board
                0x0000000017811298       0x40 common/built-in.o
 .text.reserve_arch
                0x00000000178112d8        0x8 common/built-in.o
                0x00000000178112d8                reserve_arch
 .text.display_text_info
                0x00000000178112e0        0x8 common/built-in.o
 .text.reserve_trace
                0x00000000178112e8        0x8 common/built-in.o
 .text.display_new_sp
                0x00000000178112f0        0x8 common/built-in.o
 .text.coloured_LED_init
                0x00000000178112f8        0x4 common/built-in.o
                0x00000000178112f8                coloured_LED_init
 .text.red_led_on
                0x00000000178112fc        0x4 common/built-in.o
                0x00000000178112fc                red_led_on
 .text.board_add_ram_info
                0x0000000017811300        0x4 common/built-in.o
                0x0000000017811300                board_add_ram_info
 .text.show_dram_config
                0x0000000017811304       0x38 common/built-in.o
 .text.dram_init_banksize
                0x000000001781133c       0x20 common/built-in.o
                0x000000001781133c                dram_init_banksize
 .text.setup_dram_config
                0x000000001781135c       0x10 common/built-in.o
 .text.board_get_usable_ram_top
                0x000000001781136c       0x14 common/built-in.o
                0x000000001781136c                board_get_usable_ram_top
 .text.board_reserve_ram_top
                0x0000000017811380        0x4 common/built-in.o
                0x0000000017811380                board_reserve_ram_top
 .text.setup_dest_addr
                0x0000000017811384       0x4c common/built-in.o
 .text.reserve_stacks
                0x00000000178113d0       0x1c common/built-in.o
 .text.board_init_f
                0x00000000178113ec       0x28 common/built-in.o
                0x00000000178113ec                board_init_f
 .text.bootstage_relocate
                0x0000000017811414        0x8 common/built-in.o
 .text.initr_reloc
                0x000000001781141c       0x18 common/built-in.o
 .text.initr_reloc_global_data
                0x0000000017811434       0x28 common/built-in.o
 .text.initr_announce
                0x000000001781145c        0x8 common/built-in.o
 .text.run_main_loop
                0x0000000017811464        0xc common/built-in.o
 .text.initr_net
                0x0000000017811470       0x1c common/built-in.o
 .text.initr_ethaddr
                0x000000001781148c       0x20 common/built-in.o
 .text.initr_enable_interrupts
                0x00000000178114ac       0x10 common/built-in.o
 .text.initr_jumptable
                0x00000000178114bc       0x10 common/built-in.o
 .text.initr_env
                0x00000000178114cc       0x30 common/built-in.o
 .text.initr_mmc
                0x00000000178114fc       0x20 common/built-in.o
 .text.initr_serial
                0x000000001781151c       0x10 common/built-in.o
 .text.initr_bootstage
                0x000000001781152c       0x14 common/built-in.o
 .text.initr_dm
                0x0000000017811540       0x14 common/built-in.o
 .text.initr_malloc
                0x0000000017811554       0x24 common/built-in.o
 .text.initr_caches
                0x0000000017811578       0x10 common/built-in.o
 .text.initr_console_record
                0x0000000017811588        0x8 common/built-in.o
 .text.initr_trace
                0x0000000017811590        0x8 common/built-in.o
 .text.initr_barrier
                0x0000000017811598        0x8 common/built-in.o
 .text.cpu_secondary_init_r
                0x00000000178115a0        0x4 common/built-in.o
                0x00000000178115a0                cpu_secondary_init_r
 .text.initr_secondary_cpu
                0x00000000178115a4       0x10 common/built-in.o
 .text.board_init_r
                0x00000000178115b4       0x14 common/built-in.o
                0x00000000178115b4                board_init_r
 .text.show_board_info
                0x00000000178115c8        0x4 common/built-in.o
                0x00000000178115c8                show_board_info
 .text.bootm_find_images
                0x00000000178115cc       0xa8 common/built-in.o
                0x00000000178115cc                bootm_find_images
 .text.bootm_decomp_image
                0x0000000017811674      0x14c common/built-in.o
                0x0000000017811674                bootm_decomp_image
 .text.bootm_disable_interrupts
                0x00000000178117c0       0x18 common/built-in.o
                0x00000000178117c0                bootm_disable_interrupts
 .text.do_bootm_states
                0x00000000178117d8      0x750 common/built-in.o
                0x00000000178117d8                do_bootm_states
 .text.copy_args
                0x0000000017811f28       0x50 common/built-in.o
 .text.do_bootm_rtems
                0x0000000017811f78       0x40 common/built-in.o
 .text.do_bootm_plan9
                0x0000000017811fb8       0xa4 common/built-in.o
 .text.do_bootm_standalone
                0x000000001781205c       0x64 common/built-in.o
 .text.do_bootm_qnxelf
                0x00000000178120c0       0x5c common/built-in.o
 .text.do_bootm_netbsd
                0x000000001781211c       0xf8 common/built-in.o
 .text.do_bootvx_fdt
                0x0000000017812214      0x118 common/built-in.o
                0x0000000017812214                do_bootvx_fdt
 .text.do_bootm_vxworks
                0x000000001781232c       0x24 common/built-in.o
 .text.boot_selected_os
                0x0000000017812350       0x58 common/built-in.o
                0x0000000017812350                boot_selected_os
 .text.bootm_os_get_boot_func
                0x00000000178123a8       0x10 common/built-in.o
                0x00000000178123a8                bootm_os_get_boot_func
 .text.regex_callback
                0x00000000178123b8      0x134 common/built-in.o
 .text.env_attr_walk
                0x00000000178124ec      0x128 common/built-in.o
                0x00000000178124ec                env_attr_walk
 .text.env_attr_lookup
                0x0000000017812614       0x84 common/built-in.o
                0x0000000017812614                env_attr_lookup
 .text.clear_callback
                0x0000000017812698       0x10 common/built-in.o
 .text.find_env_callback
                0x00000000178126a8       0x64 common/built-in.o
 .text.on_callbacks
                0x000000001781270c       0x50 common/built-in.o
 .text.set_callback
                0x000000001781275c       0x98 common/built-in.o
 .text.env_callback_init
                0x00000000178127f4       0xc4 common/built-in.o
                0x00000000178127f4                env_callback_init
 .text.skip_num
                0x00000000178128b8       0x78 common/built-in.o
 .text.clear_flags
                0x0000000017812930       0x10 common/built-in.o
 .text.on_flags
                0x0000000017812940       0x50 common/built-in.o
 .text.env_flags_parse_vartype
                0x0000000017812990       0x50 common/built-in.o
                0x0000000017812990                env_flags_parse_vartype
 .text.env_flags_parse_varaccess
                0x00000000178129e0       0x58 common/built-in.o
                0x00000000178129e0                env_flags_parse_varaccess
 .text.set_flags
                0x0000000017812a38       0xb0 common/built-in.o
 .text.eth_validate_ethaddr_str
                0x0000000017812ae8       0x94 common/built-in.o
                0x0000000017812ae8                eth_validate_ethaddr_str
 .text.env_flags_init
                0x0000000017812b7c       0xd8 common/built-in.o
                0x0000000017812b7c                env_flags_init
 .text.env_flags_validate
                0x0000000017812c54      0x2b8 common/built-in.o
                0x0000000017812c54                env_flags_validate
 .text.mmc_get_env_addr
                0x0000000017812f0c       0x10 common/built-in.o
                0x0000000017812f0c                mmc_get_env_addr
 .text.fini_mmc_for_env.isra.0
                0x0000000017812f1c       0x1c common/built-in.o
 .text.env_init
                0x0000000017812f38       0x1c common/built-in.o
                0x0000000017812f38                env_init
 .text.init_mmc_for_env
                0x0000000017812f54       0x78 common/built-in.o
 .text.saveenv  0x0000000017812fcc      0x114 common/built-in.o
                0x0000000017812fcc                saveenv
 .text.env_relocate_spec
                0x00000000178130e0       0xe0 common/built-in.o
                0x00000000178130e0                env_relocate_spec
 .text.fdt_find_and_setprop
                0x00000000178131c0       0x70 common/built-in.o
                0x00000000178131c0                fdt_find_and_setprop
 .text.fdt_find_or_add_subnode
                0x0000000017813230       0x60 common/built-in.o
                0x0000000017813230                fdt_find_or_add_subnode
 .text.fdt_root
                0x0000000017813290       0x90 common/built-in.o
                0x0000000017813290                fdt_root
 .text.fdt_initrd
                0x0000000017813320      0x1cc common/built-in.o
                0x0000000017813320                fdt_initrd
 .text.fdt_chosen
                0x00000000178134ec       0xa8 common/built-in.o
                0x00000000178134ec                fdt_chosen
 .text.do_fixup_by_path
                0x0000000017813594       0x54 common/built-in.o
                0x0000000017813594                do_fixup_by_path
 .text.fdt_fixup_memory_banks
                0x00000000178135e8      0x1b0 common/built-in.o
                0x00000000178135e8                fdt_fixup_memory_banks
 .text.fdt_fixup_memory
                0x0000000017813798       0x20 common/built-in.o
                0x0000000017813798                fdt_fixup_memory
 .text.fdt_fixup_ethernet
                0x00000000178137b8      0x174 common/built-in.o
                0x00000000178137b8                fdt_fixup_ethernet
 .text.fdt_shrink_to_minimum
                0x000000001781392c       0xcc common/built-in.o
                0x000000001781392c                fdt_shrink_to_minimum
 .text.miiphy_get_dev_by_name
                0x00000000178139f8       0x60 common/built-in.o
                0x00000000178139f8                miiphy_get_dev_by_name
 .text.miiphy_init
                0x0000000017813a58       0x24 common/built-in.o
                0x0000000017813a58                miiphy_init
 .text.mdio_alloc
                0x0000000017813a7c       0x30 common/built-in.o
                0x0000000017813a7c                mdio_alloc
 .text.mdio_register
                0x0000000017813aac       0x94 common/built-in.o
                0x0000000017813aac                mdio_register
 .text.mdio_unregister
                0x0000000017813b40       0x3c common/built-in.o
                0x0000000017813b40                mdio_unregister
 .text.mdio_list_devices
                0x0000000017813b7c       0x98 common/built-in.o
                0x0000000017813b7c                mdio_list_devices
 .text.miiphy_set_current_dev
                0x0000000017813c14       0x40 common/built-in.o
                0x0000000017813c14                miiphy_set_current_dev
 .text.miiphy_get_active_dev
                0x0000000017813c54       0x54 common/built-in.o
 .text.mdio_get_current_dev
                0x0000000017813ca8       0x10 common/built-in.o
                0x0000000017813ca8                mdio_get_current_dev
 .text.mdio_phydev_for_ethname
                0x0000000017813cb8       0x88 common/built-in.o
                0x0000000017813cb8                mdio_phydev_for_ethname
 .text.miiphy_get_current_dev
                0x0000000017813d40       0x18 common/built-in.o
                0x0000000017813d40                miiphy_get_current_dev
 .text.miiphy_read
                0x0000000017813d58       0x4c common/built-in.o
                0x0000000017813d58                miiphy_read
 .text.miiphy_write
                0x0000000017813da4       0x40 common/built-in.o
                0x0000000017813da4                miiphy_write
 .text.miiphy_listdev
                0x0000000017813de4       0x74 common/built-in.o
                0x0000000017813de4                miiphy_listdev
 .text.miiphy_info
                0x0000000017813e58       0x88 common/built-in.o
                0x0000000017813e58                miiphy_info
 .text.miiphy_speed
                0x0000000017813ee0       0x94 common/built-in.o
                0x0000000017813ee0                miiphy_speed
 .text.miiphy_duplex
                0x0000000017813f74       0x94 common/built-in.o
                0x0000000017813f74                miiphy_duplex
 .text.miiphy_is_1000base_x
                0x0000000017814008        0x8 common/built-in.o
                0x0000000017814008                miiphy_is_1000base_x
 .text.usb_set_maxpacket_ep
                0x0000000017814010       0x70 common/built-in.o
 .text.usb_stop
                0x0000000017814080       0x64 common/built-in.o
                0x0000000017814080                usb_stop
 .text.usb_disable_asynch
                0x00000000178140e4       0x20 common/built-in.o
                0x00000000178140e4                usb_disable_asynch
 .text.usb_control_msg
                0x0000000017814104       0xc0 common/built-in.o
                0x0000000017814104                usb_control_msg
 .text.usb_get_descriptor
                0x00000000178141c4       0x58 common/built-in.o
 .text.get_descriptor_len
                0x000000001781421c       0x90 common/built-in.o
 .text.usb_get_string
                0x00000000178142ac       0x70 common/built-in.o
 .text.usb_string_sub
                0x000000001781431c      0x108 common/built-in.o
 .text.usb_bulk_msg
                0x0000000017814424       0x70 common/built-in.o
                0x0000000017814424                usb_bulk_msg
 .text.usb_maxpacket
                0x0000000017814494       0x1c common/built-in.o
                0x0000000017814494                usb_maxpacket
 .text.usb_clear_halt
                0x00000000178144b0       0x90 common/built-in.o
                0x00000000178144b0                usb_clear_halt
 .text.usb_get_configuration_len
                0x0000000017814540       0x74 common/built-in.o
                0x0000000017814540                usb_get_configuration_len
 .text.usb_get_configuration_no
                0x00000000178145b4       0x34 common/built-in.o
                0x00000000178145b4                usb_get_configuration_no
 .text.usb_set_interface
                0x00000000178145e8       0xb4 common/built-in.o
                0x00000000178145e8                usb_set_interface
 .text.usb_string
                0x000000001781469c      0x100 common/built-in.o
                0x000000001781469c                usb_string
 .text.usb_get_dev_index
                0x000000001781479c       0x24 common/built-in.o
                0x000000001781479c                usb_get_dev_index
 .text.usb_alloc_new_device
                0x00000000178147c0       0x9c common/built-in.o
                0x00000000178147c0                usb_alloc_new_device
 .text.usb_free_device
                0x000000001781485c       0x48 common/built-in.o
                0x000000001781485c                usb_free_device
 .text.usb_alloc_device
                0x00000000178148a4        0x8 common/built-in.o
                0x00000000178148a4                usb_alloc_device
 .text.usb_select_config
                0x00000000178148ac      0x458 common/built-in.o
                0x00000000178148ac                usb_select_config
 .text.usb_setup_device
                0x0000000017814d04      0x19c common/built-in.o
                0x0000000017814d04                usb_setup_device
 .text.usb_new_device
                0x0000000017814ea0       0x34 common/built-in.o
                0x0000000017814ea0                usb_new_device
 .text.usb_init
                0x0000000017814ed4      0x148 common/built-in.o
                0x0000000017814ed4                usb_init
 .text.board_usb_init
                0x000000001781501c        0x8 common/built-in.o
                0x000000001781501c                board_usb_init
 .text.board_usb_cleanup
                0x0000000017815024        0x8 common/built-in.o
                0x0000000017815024                board_usb_cleanup
 .text.usb_device_has_child_on_port
                0x000000001781502c       0x14 common/built-in.o
                0x000000001781502c                usb_device_has_child_on_port
 .text.usb_find_usb2_hub_address_port
                0x0000000017815040       0x5c common/built-in.o
                0x0000000017815040                usb_find_usb2_hub_address_port
 .text.usb_set_port_feature
                0x000000001781509c       0x4c common/built-in.o
 .text.usb_clear_port_feature
                0x00000000178150e8       0x4c common/built-in.o
 .text.usb_get_hub_descriptor
                0x0000000017815134       0x4c common/built-in.o
 .text.usb_hub_power_on
                0x0000000017815180       0x6c common/built-in.o
 .text.usb_hub_reset_devices
                0x00000000178151ec        0x4 common/built-in.o
                0x00000000178151ec                usb_hub_reset_devices
 .text.usb_get_port_status
                0x00000000178151f0       0x4c common/built-in.o
                0x00000000178151f0                usb_get_port_status
 .text.usb_hub_reset
                0x000000001781523c       0x14 common/built-in.o
                0x000000001781523c                usb_hub_reset
 .text.legacy_hub_port_reset
                0x0000000017815250       0xa0 common/built-in.o
                0x0000000017815250                legacy_hub_port_reset
 .text.usb_hub_port_connect_change
                0x00000000178152f0      0x16c common/built-in.o
                0x00000000178152f0                usb_hub_port_connect_change
 .text.usb_hub_configure
                0x000000001781545c      0x2c8 common/built-in.o
 .text.usb_hub_probe
                0x0000000017815724       0x54 common/built-in.o
                0x0000000017815724                usb_hub_probe
 .text.usb_stor_irq
                0x0000000017815778       0x1c common/built-in.o
 .text.usb_stor_BBB_reset
                0x0000000017815794       0xd0 common/built-in.o
 .text.usb_stor_CB_reset
                0x0000000017815864       0xd0 common/built-in.o
 .text.usb_stor_BBB_clear_endpt_stall.isra.0
                0x0000000017815934       0x40 common/built-in.o
 .text.usb_stor_BBB_transport
                0x0000000017815974      0x25c common/built-in.o
 .text.usb_stor_CB_comdat
                0x0000000017815bd0      0x204 common/built-in.o
 .text.usb_stor_CBI_get_status.isra.2
                0x0000000017815dd4       0xc8 common/built-in.o
 .text.usb_stor_CB_transport
                0x0000000017815e9c      0x228 common/built-in.o
 .text.usb_request_sense.constprop.8
                0x00000000178160c4       0x70 common/built-in.o
 .text.usb_stor_read
                0x0000000017816134      0x188 common/built-in.o
 .text.usb_stor_write
                0x00000000178162bc      0x188 common/built-in.o
 .text.usb_stor_get_dev
                0x0000000017816444       0x28 common/built-in.o
                0x0000000017816444                usb_stor_get_dev
 .text.usb_stor_info
                0x000000001781646c       0x74 common/built-in.o
                0x000000001781646c                usb_stor_info
 .text.usb_storage_probe
                0x00000000178164e0      0x204 common/built-in.o
                0x00000000178164e0                usb_storage_probe
 .text.usb_stor_get_info
                0x00000000178166e4      0x31c common/built-in.o
                0x00000000178166e4                usb_stor_get_info
 .text.usb_stor_scan
                0x0000000017816a00      0x1f8 common/built-in.o
                0x0000000017816a00                usb_stor_scan
 .text.splash_screen_prepare
                0x0000000017816bf8        0x8 common/built-in.o
                0x0000000017816bf8                splash_screen_prepare
 .text.splash_get_pos
                0x0000000017816c00       0x88 common/built-in.o
                0x0000000017816c00                splash_get_pos
 .text.env_get_char_spec
                0x0000000017816c88        0xc common/built-in.o
                0x0000000017816c88                env_get_char_spec
 .text.env_get_addr
                0x0000000017816c94       0x20 common/built-in.o
                0x0000000017816c94                env_get_addr
 .text.env_get_char_memory
                0x0000000017816cb4       0x10 common/built-in.o
                0x0000000017816cb4                env_get_char_memory
 .text.env_get_char
                0x0000000017816cc4       0x30 common/built-in.o
                0x0000000017816cc4                env_get_char
 .text.getenv_yesno
                0x0000000017816cf4       0x40 common/built-in.o
                0x0000000017816cf4                getenv_yesno
 .text.getenv_default
                0x0000000017816d34       0x30 common/built-in.o
                0x0000000017816d34                getenv_default
 .text.set_default_env
                0x0000000017816d64       0xc0 common/built-in.o
                0x0000000017816d64                set_default_env
 .text.set_default_vars
                0x0000000017816e24       0x38 common/built-in.o
                0x0000000017816e24                set_default_vars
 .text.env_import
                0x0000000017816e5c       0xdc common/built-in.o
                0x0000000017816e5c                env_import
 .text.env_export
                0x0000000017816f38       0xa0 common/built-in.o
                0x0000000017816f38                env_export
 .text.env_relocate
                0x0000000017816fd8       0x2c common/built-in.o
                0x0000000017816fd8                env_relocate
 .text.env_complete
                0x0000000017817004       0xf0 common/built-in.o
                0x0000000017817004                env_complete
 .text.console_setfile
                0x00000000178170f4       0xc0 common/built-in.o
 .text.serial_printf
                0x00000000178171b4       0x44 common/built-in.o
                0x00000000178171b4                serial_printf
 .text.putc     0x00000000178171f8       0x34 common/built-in.o
                0x00000000178171f8                putc
 .text.puts     0x000000001781722c       0x34 common/built-in.o
                0x000000001781722c                puts
 .text.fgetc    0x0000000017817260       0x24 common/built-in.o
                0x0000000017817260                fgetc
 .text.getc     0x0000000017817284       0x24 common/built-in.o
                0x0000000017817284                getc
 .text.ftstc    0x00000000178172a8       0x24 common/built-in.o
                0x00000000178172a8                ftstc
 .text.tstc     0x00000000178172cc       0x24 common/built-in.o
                0x00000000178172cc                tstc
 .text.ctrlc    0x00000000178172f0       0x58 common/built-in.o
                0x00000000178172f0                ctrlc
 .text.confirm_yesno
                0x0000000017817348       0xd4 common/built-in.o
                0x0000000017817348                confirm_yesno
 .text.had_ctrlc
                0x000000001781741c       0x10 common/built-in.o
                0x000000001781741c                had_ctrlc
 .text.clear_ctrlc
                0x000000001781742c       0x14 common/built-in.o
                0x000000001781742c                clear_ctrlc
 .text.search_device
                0x0000000017817440       0x28 common/built-in.o
                0x0000000017817440                search_device
 .text.console_assign
                0x0000000017817468       0x48 common/built-in.o
                0x0000000017817468                console_assign
 .text.on_console
                0x00000000178174b0       0xb8 common/built-in.o
 .text.console_init_f
                0x0000000017817568       0x10 common/built-in.o
                0x0000000017817568                console_init_f
 .text.stdio_print_current_devices
                0x0000000017817578       0xb0 common/built-in.o
                0x0000000017817578                stdio_print_current_devices
 .text.console_init_r
                0x0000000017817628      0x194 common/built-in.o
                0x0000000017817628                console_init_r
 .text.sbrk     0x00000000178177bc       0x6c common/built-in.o
                0x00000000178177bc                sbrk
 .text.mem_malloc_init
                0x0000000017817828       0x34 common/built-in.o
                0x0000000017817828                mem_malloc_init
 .text.malloc_trim
                0x000000001781785c       0xcc common/built-in.o
                0x000000001781785c                malloc_trim
 .text.free     0x0000000017817928      0x24c common/built-in.o
                0x0000000017817928                free
 .text.malloc   0x0000000017817b74      0x628 common/built-in.o
                0x0000000017817b74                malloc
 .text.calloc   0x000000001781819c      0x144 common/built-in.o
                0x000000001781819c                calloc
 .text.realloc  0x00000000178182e0      0x4e0 common/built-in.o
                0x00000000178182e0                realloc
 .text.memalign
                0x00000000178187c0      0x140 common/built-in.o
                0x00000000178187c0                memalign
 .text.initf_malloc
                0x0000000017818900       0x18 common/built-in.o
                0x0000000017818900                initf_malloc
 .text.malloc_simple
                0x0000000017818918       0x30 common/built-in.o
                0x0000000017818918                malloc_simple
 .text.on_loadaddr
                0x0000000017818948       0x38 common/built-in.o
 .text.image_check_hcrc
                0x0000000017818980       0x4c common/built-in.o
                0x0000000017818980                image_check_hcrc
 .text.image_check_dcrc
                0x00000000178189cc       0x38 common/built-in.o
                0x00000000178189cc                image_check_dcrc
 .text.image_multi_count
                0x0000000017818a04       0x1c common/built-in.o
                0x0000000017818a04                image_multi_count
 .text.image_multi_getimg
                0x0000000017818a20       0x80 common/built-in.o
                0x0000000017818a20                image_multi_getimg
 .text.getenv_bootm_low
                0x0000000017818aa0       0x30 common/built-in.o
                0x0000000017818aa0                getenv_bootm_low
 .text.getenv_bootm_size
                0x0000000017818ad0       0x68 common/built-in.o
                0x0000000017818ad0                getenv_bootm_size
 .text.getenv_bootm_mapsize
                0x0000000017818b38       0x30 common/built-in.o
                0x0000000017818b38                getenv_bootm_mapsize
 .text.memmove_wd
                0x0000000017818b68        0xc common/built-in.o
                0x0000000017818b68                memmove_wd
 .text.genimg_print_size
                0x0000000017818b74       0x30 common/built-in.o
                0x0000000017818b74                genimg_print_size
 .text.get_table_entry
                0x0000000017818ba4       0x24 common/built-in.o
                0x0000000017818ba4                get_table_entry
 .text.get_table_entry_name
                0x0000000017818bc8       0x20 common/built-in.o
                0x0000000017818bc8                get_table_entry_name
 .text.genimg_get_os_name
                0x0000000017818be8       0x18 common/built-in.o
                0x0000000017818be8                genimg_get_os_name
 .text.genimg_get_arch_name
                0x0000000017818c00       0x18 common/built-in.o
                0x0000000017818c00                genimg_get_arch_name
 .text.genimg_get_type_name
                0x0000000017818c18       0x18 common/built-in.o
                0x0000000017818c18                genimg_get_type_name
 .text.genimg_get_comp_name
                0x0000000017818c30       0x18 common/built-in.o
                0x0000000017818c30                genimg_get_comp_name
 .text.image_print_contents
                0x0000000017818c48      0x178 common/built-in.o
                0x0000000017818c48                image_print_contents
 .text.genimg_get_kernel_addr_fit
                0x0000000017818dc0       0x24 common/built-in.o
                0x0000000017818dc0                genimg_get_kernel_addr_fit
 .text.genimg_get_format
                0x0000000017818de4       0x34 common/built-in.o
                0x0000000017818de4                genimg_get_format
 .text.genimg_get_image
                0x0000000017818e18        0x4 common/built-in.o
                0x0000000017818e18                genimg_get_image
 .text.genimg_has_config
                0x0000000017818e1c        0x8 common/built-in.o
                0x0000000017818e1c                genimg_has_config
 .text.boot_get_ramdisk
                0x0000000017818e24      0x274 common/built-in.o
                0x0000000017818e24                boot_get_ramdisk
 .text.boot_ramdisk_high
                0x0000000017819098      0x144 common/built-in.o
                0x0000000017819098                boot_ramdisk_high
 .text.boot_get_setup
                0x00000000178191dc        0x8 common/built-in.o
                0x00000000178191dc                boot_get_setup
 .text.image_setup_linux
                0x00000000178191e4       0x8c common/built-in.o
                0x00000000178191e4                image_setup_linux
 .text.fdt_error
                0x0000000017819270       0x2c common/built-in.o
 .text.boot_fdt_add_mem_rsv_regions
                0x000000001781929c       0x88 common/built-in.o
                0x000000001781929c                boot_fdt_add_mem_rsv_regions
 .text.boot_relocate_fdt
                0x0000000017819324      0x198 common/built-in.o
                0x0000000017819324                boot_relocate_fdt
 .text.boot_get_fdt
                0x00000000178194bc      0x2ac common/built-in.o
                0x00000000178194bc                boot_get_fdt
 .text.ft_verify_fdt
                0x0000000017819768        0x8 common/built-in.o
                0x0000000017819768                ft_verify_fdt
 .text.image_setup_libfdt
                0x0000000017819770      0x100 common/built-in.o
                0x0000000017819770                image_setup_libfdt
 .text.get_effective_memsize
                0x0000000017819870        0x8 common/built-in.o
                0x0000000017819870                get_effective_memsize
 .text.nulldev_putc
                0x0000000017819878        0x4 common/built-in.o
 .text.nulldev_puts
                0x000000001781987c        0x4 common/built-in.o
 .text.nulldev_input
                0x0000000017819880        0x8 common/built-in.o
 .text.stdio_serial_tstc
                0x0000000017819888        0x4 common/built-in.o
 .text.stdio_serial_getc
                0x000000001781988c        0x4 common/built-in.o
 .text.stdio_serial_puts
                0x0000000017819890        0x8 common/built-in.o
 .text.stdio_serial_putc
                0x0000000017819898        0x8 common/built-in.o
 .text.stdio_get_list
                0x00000000178198a0        0xc common/built-in.o
                0x00000000178198a0                stdio_get_list
 .text.stdio_get_by_name
                0x00000000178198ac       0x5c common/built-in.o
                0x00000000178198ac                stdio_get_by_name
 .text.stdio_clone
                0x0000000017819908       0x38 common/built-in.o
                0x0000000017819908                stdio_clone
 .text.stdio_register_dev
                0x0000000017819940       0x50 common/built-in.o
                0x0000000017819940                stdio_register_dev
 .text.stdio_register
                0x0000000017819990        0x8 common/built-in.o
                0x0000000017819990                stdio_register
 .text.stdio_init_tables
                0x0000000017819998       0x1c common/built-in.o
                0x0000000017819998                stdio_init_tables
 .text.stdio_add_devices
                0x00000000178199b4       0xd4 common/built-in.o
                0x00000000178199b4                stdio_add_devices
 .text.run_command
                0x0000000017819a88       0x10 common/built-in.o
                0x0000000017819a88                run_command
 .text.run_command_list
                0x0000000017819a98       0x7c common/built-in.o
                0x0000000017819a98                run_command_list
 .text.do_run   0x0000000017819b14       0x78 common/built-in.o
                0x0000000017819b14                do_run
 .text.cli_loop
                0x0000000017819b8c        0xc common/built-in.o
                0x0000000017819b8c                cli_loop
 .text.cli_init
                0x0000000017819b98        0x4 common/built-in.o
                0x0000000017819b98                cli_init
 .text.delete_char.part.0
                0x0000000017819b9c       0xd0 common/built-in.o
 .text.cread_add_char
                0x0000000017819c6c       0xe8 common/built-in.o
 .text.cli_readline_into_buffer
                0x0000000017819d54      0x9c0 common/built-in.o
                0x0000000017819d54                cli_readline_into_buffer
 .text.cli_readline
                0x000000001781a714       0x14 common/built-in.o
                0x000000001781a714                cli_readline
 .text.find_cmd_tbl
                0x000000001781a728       0xa4 common/built-in.o
                0x000000001781a728                find_cmd_tbl
 .text.find_cmd
                0x000000001781a7cc       0x28 common/built-in.o
                0x000000001781a7cc                find_cmd
 .text.cmd_usage
                0x000000001781a7f4       0x5c common/built-in.o
                0x000000001781a7f4                cmd_usage
 .text._do_help
                0x000000001781a850      0x178 common/built-in.o
                0x000000001781a850                _do_help
 .text.var_complete
                0x000000001781a9c8       0x84 common/built-in.o
                0x000000001781a9c8                var_complete
 .text.cmd_auto_complete
                0x000000001781aa4c      0x4b4 common/built-in.o
                0x000000001781aa4c                cmd_auto_complete
 .text.cmd_get_data_size
                0x000000001781af00       0x5c common/built-in.o
                0x000000001781af00                cmd_get_data_size
 .text.cmd_process
                0x000000001781af5c       0xec common/built-in.o
                0x000000001781af5c                cmd_process
 .text.cmd_process_error
                0x000000001781b048       0x30 common/built-in.o
                0x000000001781b048                cmd_process_error
 .text.hex1_bin
                0x000000001781b078       0x40 common/built-in.o
 .text.hex2_bin
                0x000000001781b0b8       0x38 common/built-in.o
 .text.srec_decode
                0x000000001781b0f0      0x254 common/built-in.o
                0x000000001781b0f0                srec_decode
 .text.CYGACC_COMM_IF_GETC_TIMEOUT.isra.0
                0x000000001781b344       0x5c common/built-in.o
 .text.xyzModem_flush
                0x000000001781b3a0       0x1c common/built-in.o
 .text.xyzModem_get_hdr
                0x000000001781b3bc      0x230 common/built-in.o
 .text.xyzModem_stream_open
                0x000000001781b5ec      0x224 common/built-in.o
                0x000000001781b5ec                xyzModem_stream_open
 .text.xyzModem_stream_read
                0x000000001781b810      0x254 common/built-in.o
                0x000000001781b810                xyzModem_stream_read
 .text.xyzModem_stream_close
                0x000000001781ba64       0x54 common/built-in.o
                0x000000001781ba64                xyzModem_stream_close
 .text.xyzModem_stream_terminate
                0x000000001781bab8       0x94 common/built-in.o
                0x000000001781bab8                xyzModem_stream_terminate
 .text.xyzModem_error
                0x000000001781bb4c       0x20 common/built-in.o
                0x000000001781bb4c                xyzModem_error
 .text.get_dev_hwpart
                0x000000001781bb6c       0xa8 disk/built-in.o
 .text.dev_print
                0x000000001781bc14      0x20c disk/built-in.o
                0x000000001781bc14                dev_print
 .text.init_part
                0x000000001781be20       0x20 disk/built-in.o
                0x000000001781be20                init_part
 .text.print_part
                0x000000001781be40       0xf4 disk/built-in.o
                0x000000001781be40                print_part
 .text.get_partition_info
                0x000000001781bf34       0x2c disk/built-in.o
                0x000000001781bf34                get_partition_info
 .text.get_device
                0x000000001781bf60      0x128 disk/built-in.o
                0x000000001781bf60                get_device
 .text.get_device_and_partition
                0x000000001781c088      0x3f8 disk/built-in.o
                0x000000001781c088                get_device_and_partition
 .text.test_block_type
                0x000000001781c480       0x84 disk/built-in.o
 .text.print_partition_extended
                0x000000001781c504      0x274 disk/built-in.o
 .text.get_partition_info_extended.constprop.1
                0x000000001781c778      0x2fc disk/built-in.o
 .text.test_part_dos
                0x000000001781ca74       0x60 disk/built-in.o
                0x000000001781ca74                test_part_dos
 .text.print_part_dos
                0x000000001781cad4       0x34 disk/built-in.o
                0x000000001781cad4                print_part_dos
 .text.get_partition_info_dos
                0x000000001781cb08       0x20 disk/built-in.o
                0x000000001781cb08                get_partition_info_dos
 .text.alloc_priv
                0x000000001781cb28       0x48 drivers/built-in.o
 .text.device_bind
                0x000000001781cb70      0x304 drivers/built-in.o
                0x000000001781cb70                device_bind
 .text.device_bind_by_name
                0x000000001781ce74       0x60 drivers/built-in.o
                0x000000001781ce74                device_bind_by_name
 .text.device_probe
                0x000000001781ced4      0x234 drivers/built-in.o
                0x000000001781ced4                device_probe
 .text.dev_get_platdata
                0x000000001781d108       0x34 drivers/built-in.o
                0x000000001781d108                dev_get_platdata
 .text.dev_get_priv
                0x000000001781d13c       0x34 drivers/built-in.o
                0x000000001781d13c                dev_get_priv
 .text.lists_driver_lookup_name
                0x000000001781d170       0x4c drivers/built-in.o
                0x000000001781d170                lists_driver_lookup_name
 .text.lists_uclass_lookup
                0x000000001781d1bc       0x3c drivers/built-in.o
                0x000000001781d1bc                lists_uclass_lookup
 .text.lists_bind_drivers
                0x000000001781d1f8       0x88 drivers/built-in.o
                0x000000001781d1f8                lists_bind_drivers
 .text.dm_root  0x000000001781d280       0x2c drivers/built-in.o
                0x000000001781d280                dm_root
 .text.dm_init  0x000000001781d2ac       0x58 drivers/built-in.o
                0x000000001781d2ac                dm_init
 .text.dm_scan_platdata
                0x000000001781d304       0x2c drivers/built-in.o
                0x000000001781d304                dm_scan_platdata
 .text.dm_scan_other
                0x000000001781d330        0x8 drivers/built-in.o
                0x000000001781d330                dm_scan_other
 .text.dm_init_and_scan
                0x000000001781d338       0x30 drivers/built-in.o
                0x000000001781d338                dm_init_and_scan
 .text.uclass_find
                0x000000001781d368       0x4c drivers/built-in.o
                0x000000001781d368                uclass_find
 .text.uclass_get
                0x000000001781d3b4      0x124 drivers/built-in.o
                0x000000001781d3b4                uclass_get
 .text.uclass_find_device
                0x000000001781d4d8       0x74 drivers/built-in.o
                0x000000001781d4d8                uclass_find_device
 .text.uclass_find_device_by_seq
                0x000000001781d54c       0x7c drivers/built-in.o
                0x000000001781d54c                uclass_find_device_by_seq
 .text.uclass_get_device_tail
                0x000000001781d5c8       0x2c drivers/built-in.o
                0x000000001781d5c8                uclass_get_device_tail
 .text.uclass_get_device
                0x000000001781d5f4       0x30 drivers/built-in.o
                0x000000001781d5f4                uclass_get_device
 .text.uclass_bind_device
                0x000000001781d624       0x7c drivers/built-in.o
                0x000000001781d624                uclass_bind_device
 .text.uclass_unbind_device
                0x000000001781d6a0       0x4c drivers/built-in.o
                0x000000001781d6a0                uclass_unbind_device
 .text.uclass_resolve_seq
                0x000000001781d6ec       0xb0 drivers/built-in.o
                0x000000001781d6ec                uclass_resolve_seq
 .text.uclass_pre_probe_device
                0x000000001781d79c       0x64 drivers/built-in.o
                0x000000001781d79c                uclass_pre_probe_device
 .text.uclass_post_probe_device
                0x000000001781d800       0x20 drivers/built-in.o
                0x000000001781d800                uclass_post_probe_device
 .text.uclass_pre_remove_device
                0x000000001781d820       0x20 drivers/built-in.o
                0x000000001781d820                uclass_pre_remove_device
 .text.dm_warn  0x000000001781d840       0x28 drivers/built-in.o
                0x000000001781d840                dm_warn
 .text.device_free
                0x000000001781d868       0x90 drivers/built-in.o
                0x000000001781d868                device_free
 .text.device_remove
                0x000000001781d8f8      0x138 drivers/built-in.o
                0x000000001781d8f8                device_remove
 .text.show_devices
                0x000000001781da30       0xfc drivers/built-in.o
 .text.dm_dump_all
                0x000000001781db2c       0x3c drivers/built-in.o
                0x000000001781db2c                dm_dump_all
 .text.dm_dump_uclass
                0x000000001781db68       0xdc drivers/built-in.o
                0x000000001781db68                dm_dump_uclass
 .text.finish_access
                0x000000001781dc44       0x2c drivers/built-in.o
 .text.setup_direct_access
                0x000000001781dc70      0x118 drivers/built-in.o
 .text.prepare_access
                0x000000001781dd88       0xc4 drivers/built-in.o
 .text.fuse_bank_physical
                0x000000001781de4c       0xb0 drivers/built-in.o
                0x000000001781de4c                fuse_bank_physical
 .text.fuse_word_physical
                0x000000001781defc       0x28 drivers/built-in.o
                0x000000001781defc                fuse_word_physical
 .text.fuse_read
                0x000000001781df24       0x80 drivers/built-in.o
                0x000000001781df24                fuse_read
 .text.fuse_sense
                0x000000001781dfa4       0x94 drivers/built-in.o
                0x000000001781dfa4                fuse_sense
 .text.fuse_prog
                0x000000001781e038       0x88 drivers/built-in.o
                0x000000001781e038                fuse_prog
 .text.fuse_override
                0x000000001781e0c0       0x78 drivers/built-in.o
                0x000000001781e0c0                fuse_override
 .text.dfu_write_buffer_drain
                0x000000001781e138       0xa8 drivers/built-in.o
 .text.dfu_free_buf
                0x000000001781e1e0       0x20 drivers/built-in.o
                0x000000001781e1e0                dfu_free_buf
 .text.dfu_get_buf_size
                0x000000001781e200       0x10 drivers/built-in.o
                0x000000001781e200                dfu_get_buf_size
 .text.dfu_get_buf
                0x000000001781e210       0xb8 drivers/built-in.o
                0x000000001781e210                dfu_get_buf
 .text.dfu_write_transaction_cleanup
                0x000000001781e2c8       0x44 drivers/built-in.o
                0x000000001781e2c8                dfu_write_transaction_cleanup
 .text.dfu_flush
                0x000000001781e30c       0x64 drivers/built-in.o
                0x000000001781e30c                dfu_flush
 .text.dfu_write
                0x000000001781e370      0x184 drivers/built-in.o
                0x000000001781e370                dfu_write
 .text.dfu_read
                0x000000001781e4f4      0x26c drivers/built-in.o
                0x000000001781e4f4                dfu_read
 .text.dfu_free_entities
                0x000000001781e760       0x9c drivers/built-in.o
                0x000000001781e760                dfu_free_entities
 .text.dfu_config_entities
                0x000000001781e7fc      0x274 drivers/built-in.o
                0x000000001781e7fc                dfu_config_entities
 .text.dfu_init_env_entities
                0x000000001781ea70       0x90 drivers/built-in.o
                0x000000001781ea70                dfu_init_env_entities
 .text.dfu_get_dev_type
                0x000000001781eb00       0x3c drivers/built-in.o
                0x000000001781eb00                dfu_get_dev_type
 .text.dfu_get_layout
                0x000000001781eb3c       0x3c drivers/built-in.o
                0x000000001781eb3c                dfu_get_layout
 .text.dfu_show_entities
                0x000000001781eb78       0x74 drivers/built-in.o
                0x000000001781eb78                dfu_show_entities
 .text.dfu_get_alt_number
                0x000000001781ebec       0x10 drivers/built-in.o
                0x000000001781ebec                dfu_get_alt_number
 .text.dfu_get_entity
                0x000000001781ebfc       0x40 drivers/built-in.o
                0x000000001781ebfc                dfu_get_entity
 .text.mmc_block_op
                0x000000001781ec3c      0x1e0 drivers/built-in.o
 .text.mmc_file_op
                0x000000001781ee1c      0x19c drivers/built-in.o
 .text.dfu_free_entity_mmc
                0x000000001781efb8       0x28 drivers/built-in.o
                0x000000001781efb8                dfu_free_entity_mmc
 .text.dfu_write_medium_mmc
                0x000000001781efe0       0xb8 drivers/built-in.o
                0x000000001781efe0                dfu_write_medium_mmc
 .text.dfu_flush_medium_mmc
                0x000000001781f098       0x48 drivers/built-in.o
                0x000000001781f098                dfu_flush_medium_mmc
 .text.dfu_get_medium_size_mmc
                0x000000001781f0e0       0x90 drivers/built-in.o
                0x000000001781f0e0                dfu_get_medium_size_mmc
 .text.dfu_read_medium_mmc
                0x000000001781f170       0xe4 drivers/built-in.o
                0x000000001781f170                dfu_read_medium_mmc
 .text.dfu_fill_entity_mmc
                0x000000001781f254      0x320 drivers/built-in.o
                0x000000001781f254                dfu_fill_entity_mmc
 .text.video_drawchars
                0x000000001781f574      0x44c drivers/built-in.o
 .text.draw_bitmap
                0x000000001781f9c0       0xdc drivers/built-in.o
 .text.console_newline.constprop.2
                0x000000001781fa9c       0xe0 drivers/built-in.o
 .text.video_putc
                0x000000001781fb7c      0x194 drivers/built-in.o
 .text.video_puts
                0x000000001781fd10       0x7c drivers/built-in.o
 .text.board_cfb_skip
                0x000000001781fd8c        0x8 drivers/built-in.o
                0x000000001781fd8c                board_cfb_skip
 .text.video_set_lut
                0x000000001781fd94        0x4 drivers/built-in.o
                0x000000001781fd94                video_set_lut
 .text.display_rle8_bitmap
                0x000000001781fd98      0x374 drivers/built-in.o
 .text.plot_logo_or_black
                0x000000001782010c      0x284 drivers/built-in.o
 .text.do_clrlogo
                0x0000000017820390       0x44 drivers/built-in.o
 .text.video_display_bitmap
                0x00000000178203d4      0x934 drivers/built-in.o
                0x00000000178203d4                video_display_bitmap
 .text.video_clear
                0x0000000017820d08       0x54 drivers/built-in.o
                0x0000000017820d08                video_clear
 .text.drv_video_init